../Core/Src/Math_Utilities.c:18:10:floatToDigitalCode	16	static
../Core/Src/Math_Utilities.c:31:7:digitalCodeToFloat	8	static
../Core/Src/Math_Utilities.c:47:6:floatToByteArray	0	static
../Core/Src/Math_Utilities.c:61:7:byteArrayToFloat	0	static
../Core/Src/Math_Utilities.c:73:6:int16ToByteArray	0	static
../Core/Src/Math_Utilities.c:82:9:byteArrayToInt16	0	static
../Core/Src/Math_Utilities.c:91:6:int32ToByteArray	0	static
../Core/Src/Math_Utilities.c:99:9:byteArrayToInt32	0	static
../Core/Src/Math_Utilities.c:109:6:uint16ToByteArray	0	static
../Core/Src/Math_Utilities.c:117:10:byteArrayToUInt16	0	static
../Core/Src/Math_Utilities.c:126:6:uint32ToByteArray	0	static
../Core/Src/Math_Utilities.c:134:10:byteArrayToUInt32	0	static
../Core/Src/Math_Utilities.c:148:15:hashString	0	static
../Core/Src/Math_Utilities.c:159:7:compareArray	0	static
../Core/Src/Math_Utilities.c:170:7:convertADCreadToFloat	0	static
../Core/Src/Math_Utilities.c:189:7:useFloatLookUpTable	8	static
../Core/Src/Math_Utilities.c:203:7:isDigitPolar	0	static
../Core/Src/Math_Utilities.c:207:7:L11ToFloat	16	static
../Core/Src/Math_Utilities.c:221:10:floatToL11	32	static
../Core/Src/Math_Utilities.c:246:6:uint8_tToCharArray	0	static
../Core/Src/Math_Utilities.c:259:7:verifyUintEquality	0	static
../Core/Src/Math_Utilities.c:269:10:getUint32Mask	0	static
../Core/Src/Math_Utilities.c:279:9:int32Min	0	static
../Core/Src/Math_Utilities.c:282:9:int32Max	0	static
../Core/Src/Math_Utilities.c:286:7:floatMin	0	static
../Core/Src/Math_Utilities.c:289:7:floatMax	0	static
../Core/Src/Math_Utilities.c:293:7:floatBound	0	static
