../Core/Src/SCPI_Parser.c:27:19:Saturn_UART_Receive	40	static
../Core/Src/SCPI_Parser.c:99:6:SCPI_Initialize	8	static
../Core/Src/SCPI_Parser.c:104:6:printlnToSerial	8	static
../Core/Src/SCPI_Parser.c:111:7:findSerialNumber	8	static
../Core/Src/SCPI_Parser.c:129:5:findAddress	16	static
../Core/Src/SCPI_Parser.c:155:7:findStringData	56	static
../Core/Src/SCPI_Parser.c:186:9:findDataDigitIndex	16	static
../Core/Src/SCPI_Parser.c:218:7:findFloatData	16	static
../Core/Src/SCPI_Parser.c:231:9:findInt32Data	8	static
../Core/Src/SCPI_Parser.c:248:10:findUint32Data	8	static
../Core/Src/SCPI_Parser.c:262:10:findUint64Data	8	static
../Core/Src/SCPI_Parser.c:278:5:findChannel	16	static
../Core/Src/SCPI_Parser.c:290:9:findReadWriteMode	8	static
../Core/Src/SCPI_Parser.c:300:5:findOnOffMode	8	static
../Core/Src/SCPI_Parser.c:315:6:serial_instruction_initialize	4	static
../Core/Src/SCPI_Parser.c:333:20:parseSerialInstruction	120	static
../Core/Src/SCPI_Parser.c:449:6:serial_instruction_toString	136	static
