../Core/Src/SaturnA/SaturnA_Device_GPIO.c:94:7:GPIO_InitializeAll	0	static
../Core/Src/SaturnA/SaturnA_Device_GPIO.c:106:7:GPIO_DRST	0	static
../Core/Src/SaturnA/SaturnA_Device_GPIO.c:137:7:GPIO_WRITE_BITS	96	static,ignoring_inline_asm
../Core/Src/SaturnA/SaturnA_Device_GPIO.c:197:6:WriteBitPri	0	static,ignoring_inline_asm
../Core/Src/SaturnA/SaturnA_Device_GPIO.c:216:6:WriteBitSec	0	static,ignoring_inline_asm
../Core/Src/SaturnA/SaturnA_Device_GPIO.c:223:6:DelayClockCycle	0	static,ignoring_inline_asm
../Core/Src/SaturnA/SaturnA_Device_GPIO.c:236:7:GPIO_SOUR_BYTE	24	static
../Core/Src/SaturnA/SaturnA_Device_GPIO.c:346:9:GPIO_SOUR_BITS	16	static
../Core/Src/SaturnA/SaturnA_Device_GPIO.c:401:9:GPIO_MEAS_BYTE	0	static
../Core/Src/SaturnA/SaturnA_Device_GPIO.c:423:9:GPIO_SOUR_MODE	8	static
../Core/Src/SaturnA/SaturnA_Device_GPIO.c:471:6:setSaturnGPIOBitMode	0	static
../Core/Src/SaturnA/SaturnA_Device_GPIO.c:480:7:GPIO_SOUR_LEVEL	0	static
../Core/Src/SaturnA/SaturnA_Device_GPIO.c:510:7:GPIO_toString	8	static
../Core/Src/SaturnA/SaturnA_Device_GPIO.c:29:7:GPIO_Execute	24	static
